python : C:\Python314\python.exe: can't open file 
'C:\\Users\\Miller\\Music\\OTP-Bot-Telegram-clean\\test_vouch_simple.py': 
[Errno 2] No such file or directory
At line:1 char:1
+ python test_vouch_simple.py > test_output.txt 2>&1 ; type test_output ...
+ ~~~~~~~~~~~~~~~~~~~~~~~~~~~~~~~~~~~~~~~~~~~~~~~~~~
    + CategoryInfo          : NotSpecified: (C:\Python314\py...le or directory 
   :String) [], RemoteException
    + FullyQualifiedErrorId : NativeCommandError
 
